> Task :sample:preBuild UP-TO-DATE
> Task :sdk:preBuild UP-TO-DATE
> Task :sample:preBenchmarkBuild UP-TO-DATE
> Task :sdk:preReleaseBuild UP-TO-DATE
> Task :sample:mergeBenchmarkJniLibFolders UP-TO-DATE
> Task :sdk:configureCMakeRelWithDebInfo[arm64-v8a]
> Task :sdk:buildCMakeRelWithDebInfo[arm64-v8a]
> Task :sdk:mergeReleaseJniLibFolders UP-TO-DATE
> Task :sdk:mergeReleaseNativeLibs UP-TO-DATE
> Task :sdk:copyReleaseJniLibsProjectOnly UP-TO-DATE
> Task :sdk:generateReleaseResources UP-TO-DATE
> Task :sdk:packageReleaseResources UP-TO-DATE
> Task :sdk:processReleaseNavigationResources UP-TO-DATE
> Task :sdk:parseReleaseLocalResources UP-TO-DATE
> Task :sdk:generateReleaseRFile UP-TO-DATE
> Task :sample:checkBenchmarkDuplicateClasses UP-TO-DATE
> Task :sample:mergeBenchmarkNativeLibs UP-TO-DATE
> Task :sample:stripBenchmarkDebugSymbols UP-TO-DATE
> Task :sample:extractBenchmarkNativeSymbolTables UP-TO-DATE
> Task :sample:mergeBenchmarkNativeDebugMetadata UP-TO-DATE
> Task :sample:generateBenchmarkBuildConfig UP-TO-DATE
> Task :sdk:compileReleaseKotlin UP-TO-DATE
> Task :sdk:javaPreCompileRelease UP-TO-DATE
> Task :sample:generateBenchmarkResources
> Task :sdk:compileReleaseJavaWithJavac NO-SOURCE
> Task :sdk:mergeReleaseGeneratedProguardFiles UP-TO-DATE
> Task :sdk:exportReleaseConsumerProguardFiles UP-TO-DATE
> Task :sdk:bundleLibCompileToJarRelease UP-TO-DATE
> Task :sdk:prepareReleaseArtProfile UP-TO-DATE
> Task :sdk:writeReleaseAarMetadata UP-TO-DATE
> Task :sdk:extractDeepLinksRelease UP-TO-DATE
> Task :sdk:processReleaseManifest UP-TO-DATE
> Task :sdk:mapReleaseSourceSetPaths UP-TO-DATE
> Task :sdk:compileReleaseLibraryResources UP-TO-DATE
> Task :sdk:bundleLibRuntimeToJarRelease UP-TO-DATE
> Task :sdk:processReleaseJavaRes UP-TO-DATE
> Task :sdk:generateReleaseAssets UP-TO-DATE
> Task :sdk:mergeReleaseAssets UP-TO-DATE
> Task :sdk:createFullJarRelease UP-TO-DATE
> Task :sdk:extractProguardFiles UP-TO-DATE
> Task :sdk:generateReleaseLintModel UP-TO-DATE
> Task :sdk:prepareLintJarForPublish UP-TO-DATE
> Task :sdk:checkReleaseAarMetadata UP-TO-DATE
> Task :sdk:extractDeepLinksForAarRelease UP-TO-DATE
> Task :sample:packageBenchmarkResources
> Task :sdk:extractReleaseAnnotations UP-TO-DATE
> Task :sdk:mergeReleaseConsumerProguardFiles UP-TO-DATE
> Task :sdk:mergeReleaseJavaResource UP-TO-DATE
> Task :sdk:syncReleaseLibJars UP-TO-DATE
> Task :sdk:bundleReleaseLocalLintAar UP-TO-DATE
> Task :sample:processBenchmarkNavigationResources FROM-CACHE
> Task :sdk:lintVitalAnalyzeRelease UP-TO-DATE
> Task :sample:javaPreCompileBenchmark UP-TO-DATE
> Task :sample:mergeBenchmarkArtProfile UP-TO-DATE
> Task :sample:checkBenchmarkAarMetadata UP-TO-DATE
> Task :sample:parseBenchmarkLocalResources
> Task :sdk:writeReleaseLintModelMetadata UP-TO-DATE
> Task :sample:mapBenchmarkSourceSetPaths
> Task :sdk:generateReleaseLintVitalModel UP-TO-DATE
> Task :sample:generateBenchmarkRFile UP-TO-DATE
> Task :sdk:lintAnalyzeRelease UP-TO-DATE
> Task :sdk:preDebugBuild UP-TO-DATE
> Task :sdk:processDebugNavigationResources UP-TO-DATE
> Task :sdk:generateDebugResources UP-TO-DATE
> Task :sdk:packageDebugResources UP-TO-DATE
> Task :sdk:parseDebugLocalResources UP-TO-DATE
> Task :sdk:generateDebugRFile UP-TO-DATE
> Task :sdk:compileDebugKotlin UP-TO-DATE
> Task :sdk:javaPreCompileDebug UP-TO-DATE
> Task :sdk:compileDebugJavaWithJavac NO-SOURCE
> Task :sdk:bundleLibCompileToJarDebug UP-TO-DATE
> Task :sdk:writeDebugAarMetadata UP-TO-DATE
> Task :sample:compileBenchmarkKotlin UP-TO-DATE
> Task :sdk:extractDeepLinksDebug UP-TO-DATE
> Task :sdk:processDebugManifest UP-TO-DATE
> Task :sdk:mapDebugSourceSetPaths UP-TO-DATE
> Task :sdk:compileDebugLibraryResources UP-TO-DATE
> Task :sdk:bundleLibRuntimeToJarDebug UP-TO-DATE
> Task :sdk:processDebugJavaRes UP-TO-DATE
> Task :sample:compileBenchmarkJavaWithJavac UP-TO-DATE
> Task :sample:compileBenchmarkNavigationResources UP-TO-DATE
> Task :sample:createBenchmarkCompatibleScreenManifests UP-TO-DATE
> Task :sample:extractDeepLinksBenchmark UP-TO-DATE
> Task :sample:processBenchmarkMainManifest UP-TO-DATE
> Task :sample:processBenchmarkManifest UP-TO-DATE
> Task :sample:processBenchmarkManifestForPackage UP-TO-DATE
> Task :sample:extractProguardFiles UP-TO-DATE
> Task :sample:processBenchmarkJavaRes UP-TO-DATE
> Task :sample:mergeBenchmarkJavaResource UP-TO-DATE
> Task :sample:mergeBenchmarkStartupProfile UP-TO-DATE
> Task :sample:generateBenchmarkAssets UP-TO-DATE
> Task :sample:mergeBenchmarkAssets UP-TO-DATE
> Task :sample:compressBenchmarkAssets UP-TO-DATE
> Task :sample:extractBenchmarkVersionControlInfo UP-TO-DATE
> Task :sample:generateBenchmarkLintVitalReportModel
> Task :sample:mergeBenchmarkResources
> Task :sample:processBenchmarkResources
> Task :sample:expandBenchmarkArtProfileWildcards UP-TO-DATE
> Task :sample:mergeBenchmarkGeneratedProguardFiles UP-TO-DATE
> Task :sample:lintVitalAnalyzeBenchmark
> Task :sample:lintVitalReportBenchmark
> Task :sample:lintVitalBenchmark
> Task :sample:collectBenchmarkDependencies UP-TO-DATE
> Task :sample:sdkBenchmarkDependencyData UP-TO-DATE
> Task :sample:validateSigningBenchmark UP-TO-DATE
> Task :sample:writeBenchmarkAppMetadata UP-TO-DATE
> Task :sample:writeBenchmarkSigningConfigVersions UP-TO-DATE
> Task :sample:preReleaseBuild UP-TO-DATE
> Task :sample:mergeReleaseJniLibFolders UP-TO-DATE
> Task :sample:mergeReleaseNativeLibs UP-TO-DATE
> Task :sample:stripReleaseDebugSymbols UP-TO-DATE
> Task :sample:extractReleaseNativeDebugMetadata UP-TO-DATE
> Task :sample:mergeReleaseNativeDebugMetadata UP-TO-DATE
> Task :sample:checkReleaseDuplicateClasses UP-TO-DATE
> Task :sample:generateReleaseBuildConfig UP-TO-DATE
> Task :sample:generateReleaseResources FROM-CACHE
> Task :sample:packageReleaseResources
> Task :sample:processReleaseNavigationResources FROM-CACHE
> Task :sample:parseReleaseLocalResources FROM-CACHE
> Task :sample:generateReleaseRFile UP-TO-DATE
> Task :sample:compileReleaseKotlin UP-TO-DATE
> Task :sample:javaPreCompileRelease UP-TO-DATE
> Task :sample:compileReleaseJavaWithJavac UP-TO-DATE
> Task :sample:mergeReleaseArtProfile UP-TO-DATE
> Task :sample:checkReleaseAarMetadata UP-TO-DATE
> Task :sample:mapReleaseSourceSetPaths
> Task :sample:compileReleaseNavigationResources UP-TO-DATE
> Task :sample:mergeReleaseResources UP-TO-DATE
> Task :sample:createReleaseCompatibleScreenManifests UP-TO-DATE
> Task :sample:extractDeepLinksRelease UP-TO-DATE
> Task :sample:processReleaseMainManifest UP-TO-DATE
> Task :sample:processReleaseManifest UP-TO-DATE
> Task :sample:processReleaseManifestForPackage UP-TO-DATE
> Task :sample:processReleaseResources UP-TO-DATE
> Task :sample:expandReleaseArtProfileWildcards UP-TO-DATE
> Task :sample:mergeReleaseGeneratedProguardFiles UP-TO-DATE
> Task :sample:processReleaseJavaRes UP-TO-DATE
> Task :sample:mergeReleaseJavaResource UP-TO-DATE
> Task :sample:mergeReleaseStartupProfile UP-TO-DATE
> Task :sample:generateReleaseAssets UP-TO-DATE
> Task :sample:mergeReleaseAssets UP-TO-DATE
> Task :sample:compressReleaseAssets UP-TO-DATE
> Task :sample:extractReleaseVersionControlInfo UP-TO-DATE
> Task :sample:generateReleaseLintVitalReportModel UP-TO-DATE
> Task :sample:lintVitalAnalyzeRelease UP-TO-DATE
> Task :sample:lintVitalReportRelease SKIPPED
> Task :sample:lintVitalRelease SKIPPED
> Task :sample:collectReleaseDependencies UP-TO-DATE
> Task :sample:sdkReleaseDependencyData UP-TO-DATE
> Task :sample:writeReleaseAppMetadata UP-TO-DATE
> Task :sample:writeReleaseSigningConfigVersions UP-TO-DATE
> Task :sample:configureReleaseDependencies UP-TO-DATE
> Task :sample:parseReleaseIntegrityConfig UP-TO-DATE
> Task :sample:generateReleaseLintReportModel UP-TO-DATE
> Task :sample:lintAnalyzeRelease UP-TO-DATE
> Task :sample:lintReportRelease UP-TO-DATE
> Task :sample:lintRelease
> Task :sample:preDebugBuild UP-TO-DATE
> Task :sample:generateDebugBuildConfig UP-TO-DATE
> Task :sample:generateDebugResources FROM-CACHE
> Task :sample:packageDebugResources
> Task :sample:processDebugNavigationResources UP-TO-DATE
> Task :sample:parseDebugLocalResources FROM-CACHE
> Task :sample:generateDebugRFile UP-TO-DATE
> Task :sample:compileDebugKotlin UP-TO-DATE
> Task :sample:javaPreCompileDebug UP-TO-DATE
> Task :sample:compileDebugJavaWithJavac UP-TO-DATE
> Task :sample:checkDebugAarMetadata UP-TO-DATE
> Task :sample:mapDebugSourceSetPaths
> Task :sample:compileDebugNavigationResources UP-TO-DATE
> Task :sample:mergeDebugResources UP-TO-DATE
> Task :sample:createDebugCompatibleScreenManifests UP-TO-DATE
> Task :sample:extractDeepLinksDebug UP-TO-DATE
> Task :sample:processDebugMainManifest UP-TO-DATE
> Task :sample:processDebugManifest UP-TO-DATE
> Task :sample:processDebugManifestForPackage UP-TO-DATE
> Task :sample:processDebugResources UP-TO-DATE
> Task :sample:bundleDebugClassesToRuntimeJar UP-TO-DATE
> Task :sample:bundleDebugClassesToCompileJar UP-TO-DATE
> Task :sample:preDebugUnitTestBuild UP-TO-DATE
> Task :sample:compileDebugUnitTestKotlin UP-TO-DATE
> Task :sample:javaPreCompileDebugUnitTest UP-TO-DATE
> Task :sample:compileDebugUnitTestJavaWithJavac NO-SOURCE
> Task :sample:processDebugJavaRes UP-TO-DATE
> Task :sample:processDebugUnitTestJavaRes UP-TO-DATE
> Task :sample:testDebugUnitTest UP-TO-DATE
> Task :sample:minifyBenchmarkWithR8
> Task :sample:compileBenchmarkArtProfile UP-TO-DATE
> Task :sample:minifyReleaseWithR8 UP-TO-DATE
> Task :sample:compileReleaseArtProfile UP-TO-DATE
> Task :sample:convertShrunkResourcesToBinaryRelease UP-TO-DATE
> Task :sample:convertShrunkResourcesToBinaryBenchmark
> Task :sample:optimizeReleaseResources UP-TO-DATE
> Task :sample:packageRelease UP-TO-DATE
> Task :sample:createReleaseApkListingFileRedirect UP-TO-DATE
> Task :sample:assembleRelease UP-TO-DATE
> Task :sample:buildReleasePreBundle UP-TO-DATE
> Task :sample:packageReleaseBundle UP-TO-DATE
> Task :sample:signReleaseBundle UP-TO-DATE
> Task :sample:produceReleaseBundleIdeListingFile UP-TO-DATE
> Task :sample:createReleaseBundleListingFileRedirect UP-TO-DATE
> Task :sample:bundleRelease UP-TO-DATE
> Task :sample:optimizeBenchmarkResources
> Task :sample:packageBenchmark
> Task :sample:createBenchmarkApkListingFileRedirect UP-TO-DATE
> Task :sample:assembleBenchmark

BUILD SUCCESSFUL in 49s
187 actionable tasks: 21 executed, 6 from cache, 160 up-to-date
Consider enabling configuration cache to speed up this build: https://docs.gradle.org/9.5.0/userguide/configuration_cache_enabling.html
