{
  "passed": false,
  "package": "com.phytoy.sample",
  "activity": "com.phytoy.sample.MainActivity",
  "allow_physical_device": true,
  "expected_apk_sha256": "d46288f3204866633064455df64f4e16eb3fc6f0cbe1ca16a4f8a56d1f161501",
  "font_scale_target": 2.0,
  "checks": [
    {
      "name": "camera primary actions are visible, labelled and at least 48dp",
      "passed": true
    }
  ],
  "artifacts": {
    "camera_ui": "camera-ui.json",
    "camera_screenshot": "camera.png",
    "failure_ui": "failure-ui.json",
    "failure_screenshot": "failure.png"
  },
  "touch_targets": {
    "camera/shutter": {
      "bounds": [
        423,
        2049,
        657,
        2283
      ],
      "width_dp": 78.0,
      "height_dp": 78.0,
      "clickable": true,
      "enabled": true,
      "accessible_label": "拍摄照片"
    },
    "camera/open_settings": {
      "bounds": [
        912,
        193,
        1056,
        337
      ],
      "width_dp": 48.0,
      "height_dp": 48.0,
      "clickable": true,
      "enabled": true,
      "accessible_label": "相机设置"
    },
    "camera/switch_camera": {
      "bounds": [
        858,
        2091,
        1008,
        2241
      ],
      "width_dp": 50.0,
      "height_dp": 50.0,
      "clickable": true,
      "enabled": true,
      "accessible_label": "切换到前置相机"
    },
    "camera/last_photo": {
      "bounds": [
        72,
        2091,
        222,
        2241
      ],
      "width_dp": 50.0,
      "height_dp": 50.0,
      "clickable": true,
      "enabled": true,
      "accessible_label": "查看拍摄的照片"
    }
  },
  "photos_taken": 0,
  "app_preferences_changed": false,
  "permissions_changed": false,
  "locale_changed": false,
  "serial": "RFCX80BD3XN",
  "emulator_properties": {
    "ro.kernel.qemu": "0",
    "ro.boot.qemu": ""
  },
  "device_kind": "physical",
  "installed_apks": [
    {
      "path": "/data/app/~~_irEE_cY9drKHu8cFjuLqw==/com.phytoy.sample-wwFMYNoSmOzqW9nbiAJCcQ==/base.apk",
      "sha256": "d46288f3204866633064455df64f4e16eb3fc6f0cbe1ca16a4f8a56d1f161501"
    }
  ],
  "installed_apk_sha256": "d46288f3204866633064455df64f4e16eb3fc6f0cbe1ca16a4f8a56d1f161501",
  "display": {
    "width_pixels": 1080,
    "height_pixels": 2340,
    "density_dpi": 480
  },
  "font_scale_original": "1.0",
  "font_scale_applied": "2.0",
  "failure": "AssertionError: Accessibility snapshot exceeded the 5s page-settle deadline",
  "font_scale_restored": true,
  "font_scale_after": "1.0"
}
