> Task :sample:preBuild UP-TO-DATE
> Task :sdk:preBuild UP-TO-DATE
> Task :sdk:preReleaseBuild UP-TO-DATE
> Task :sample:preBenchmarkBuild UP-TO-DATE
> Task :sample:mergeBenchmarkJniLibFolders UP-TO-DATE
> Task :sample:checkBenchmarkDuplicateClasses UP-TO-DATE
> Task :sample:generateBenchmarkResources UP-TO-DATE
> Task :sample:packageBenchmarkResources UP-TO-DATE
> Task :sample:javaPreCompileBenchmark UP-TO-DATE
> Task :sample:mapBenchmarkSourceSetPaths UP-TO-DATE
> Task :sample:createBenchmarkCompatibleScreenManifests UP-TO-DATE
> Task :sample:extractDeepLinksBenchmark UP-TO-DATE
> Task :sample:extractProguardFiles UP-TO-DATE
> Task :sdk:configureCMakeRelWithDebInfo[arm64-v8a]
> Task :sample:mergeBenchmarkStartupProfile UP-TO-DATE
> Task :sample:generateBenchmarkAssets UP-TO-DATE
> Task :sample:extractBenchmarkVersionControlInfo UP-TO-DATE
> Task :sample:collectBenchmarkDependencies UP-TO-DATE
> Task :sample:sdkBenchmarkDependencyData UP-TO-DATE
> Task :sample:validateSigningBenchmark UP-TO-DATE
> Task :sample:writeBenchmarkAppMetadata UP-TO-DATE
> Task :sample:writeBenchmarkSigningConfigVersions UP-TO-DATE
> Task :sample:preReleaseBuild UP-TO-DATE
> Task :sample:generateReleaseResources UP-TO-DATE
> Task :sample:packageReleaseResources UP-TO-DATE
> Task :sample:javaPreCompileRelease UP-TO-DATE
> Task :sample:extractDeepLinksRelease UP-TO-DATE
> Task :sdk:buildCMakeRelWithDebInfo[arm64-v8a]
> Task :sdk:mergeReleaseJniLibFolders UP-TO-DATE
> Task :sdk:mergeReleaseNativeLibs UP-TO-DATE
> Task :sdk:copyReleaseJniLibsProjectOnly UP-TO-DATE
> Task :sdk:generateReleaseResources UP-TO-DATE
> Task :sdk:packageReleaseResources UP-TO-DATE
> Task :sdk:processReleaseNavigationResources UP-TO-DATE
> Task :sample:mergeBenchmarkNativeLibs UP-TO-DATE
> Task :sample:stripBenchmarkDebugSymbols UP-TO-DATE
> Task :sdk:parseReleaseLocalResources UP-TO-DATE
> Task :sample:extractBenchmarkNativeSymbolTables UP-TO-DATE
> Task :sample:mergeBenchmarkNativeDebugMetadata UP-TO-DATE
> Task :sdk:generateReleaseRFile UP-TO-DATE
> Task :sample:processBenchmarkNavigationResources UP-TO-DATE
> Task :sample:parseBenchmarkLocalResources UP-TO-DATE
> Task :sample:generateBenchmarkRFile UP-TO-DATE
> Task :sample:compileBenchmarkNavigationResources UP-TO-DATE
> Task :sample:mergeBenchmarkResources UP-TO-DATE
> Task :sample:processReleaseNavigationResources UP-TO-DATE
> Task :sample:parseReleaseLocalResources UP-TO-DATE
> Task :sample:generateReleaseRFile UP-TO-DATE
> Task :sdk:compileReleaseKotlin UP-TO-DATE
> Task :sdk:javaPreCompileRelease UP-TO-DATE
> Task :sdk:compileReleaseJavaWithJavac NO-SOURCE
> Task :sdk:mergeReleaseGeneratedProguardFiles UP-TO-DATE
> Task :sdk:exportReleaseConsumerProguardFiles UP-TO-DATE
> Task :sdk:bundleLibCompileToJarRelease UP-TO-DATE
> Task :sdk:prepareReleaseArtProfile UP-TO-DATE
> Task :sdk:writeReleaseAarMetadata UP-TO-DATE
> Task :sdk:extractDeepLinksRelease UP-TO-DATE
> Task :sdk:processReleaseManifest UP-TO-DATE
> Task :sdk:mapReleaseSourceSetPaths UP-TO-DATE
> Task :sdk:compileReleaseLibraryResources UP-TO-DATE
> Task :sdk:bundleLibRuntimeToJarRelease UP-TO-DATE
> Task :sdk:processReleaseJavaRes UP-TO-DATE
> Task :sdk:generateReleaseAssets UP-TO-DATE
> Task :sdk:mergeReleaseAssets UP-TO-DATE
> Task :sdk:createFullJarRelease UP-TO-DATE
> Task :sdk:extractProguardFiles UP-TO-DATE
> Task :sdk:generateReleaseLintModel UP-TO-DATE
> Task :sdk:prepareLintJarForPublish UP-TO-DATE
> Task :sdk:checkReleaseAarMetadata UP-TO-DATE
> Task :sdk:extractDeepLinksForAarRelease UP-TO-DATE
> Task :sdk:extractReleaseAnnotations UP-TO-DATE
> Task :sdk:mergeReleaseConsumerProguardFiles UP-TO-DATE
> Task :sdk:mergeReleaseJavaResource UP-TO-DATE
> Task :sdk:syncReleaseLibJars UP-TO-DATE
> Task :sdk:bundleReleaseLocalLintAar UP-TO-DATE
> Task :sdk:lintVitalAnalyzeRelease UP-TO-DATE
> Task :sdk:writeReleaseLintModelMetadata UP-TO-DATE
> Task :sdk:generateReleaseLintVitalModel UP-TO-DATE
> Task :sdk:lintAnalyzeRelease UP-TO-DATE
> Task :sample:mergeBenchmarkArtProfile UP-TO-DATE
> Task :sample:checkBenchmarkAarMetadata UP-TO-DATE
> Task :sample:processBenchmarkMainManifest UP-TO-DATE
> Task :sample:processBenchmarkManifest UP-TO-DATE
> Task :sample:processBenchmarkManifestForPackage UP-TO-DATE
> Task :sample:processBenchmarkResources UP-TO-DATE
> Task :sample:mergeBenchmarkAssets UP-TO-DATE
> Task :sample:compressBenchmarkAssets UP-TO-DATE
> Task :sample:processReleaseMainManifest UP-TO-DATE

> Task :sample:compileBenchmarkKotlin
w: file:///Users/songyuanjin/GoogleApp/PhyToyCamera/PhyToyEngine/android/sample/src/main/kotlin/com/phytoy/sample/CameraChrome.kt:111:24 'val systemWindowInsetLeft: Int' is deprecated. Deprecated in Java.
w: file:///Users/songyuanjin/GoogleApp/PhyToyCamera/PhyToyEngine/android/sample/src/main/kotlin/com/phytoy/sample/CameraChrome.kt:112:24 'val systemWindowInsetTop: Int' is deprecated. Deprecated in Java.
w: file:///Users/songyuanjin/GoogleApp/PhyToyCamera/PhyToyEngine/android/sample/src/main/kotlin/com/phytoy/sample/CameraChrome.kt:113:24 'val systemWindowInsetRight: Int' is deprecated. Deprecated in Java.
w: file:///Users/songyuanjin/GoogleApp/PhyToyCamera/PhyToyEngine/android/sample/src/main/kotlin/com/phytoy/sample/CameraChrome.kt:114:24 'val systemWindowInsetBottom: Int' is deprecated. Deprecated in Java.
w: file:///Users/songyuanjin/GoogleApp/PhyToyCamera/PhyToyEngine/android/sample/src/main/kotlin/com/phytoy/sample/MainActivity.kt:161:16 'var statusBarColor: Int' is deprecated. Deprecated in Java.
w: file:///Users/songyuanjin/GoogleApp/PhyToyCamera/PhyToyEngine/android/sample/src/main/kotlin/com/phytoy/sample/MainActivity.kt:162:16 'var navigationBarColor: Int' is deprecated. Deprecated in Java.
w: file:///Users/songyuanjin/GoogleApp/PhyToyCamera/PhyToyEngine/android/sample/src/main/kotlin/com/phytoy/sample/MainActivity.kt:232:18 This declaration overrides a deprecated member but is not marked as deprecated itself. Add the '@Deprecated' annotation or suppress the diagnostic.
w: file:///Users/songyuanjin/GoogleApp/PhyToyCamera/PhyToyEngine/android/sample/src/main/kotlin/com/phytoy/sample/MainActivity.kt:329:36 'val systemWindowInsetTop: Int' is deprecated. Deprecated in Java.
w: file:///Users/songyuanjin/GoogleApp/PhyToyCamera/PhyToyEngine/android/sample/src/main/kotlin/com/phytoy/sample/MainActivity.kt:330:39 'val systemWindowInsetBottom: Int' is deprecated. Deprecated in Java.
w: file:///Users/songyuanjin/GoogleApp/PhyToyCamera/PhyToyEngine/android/sample/src/main/kotlin/com/phytoy/sample/MainActivity.kt:331:37 'val systemWindowInsetLeft: Int' is deprecated. Deprecated in Java.
w: file:///Users/songyuanjin/GoogleApp/PhyToyCamera/PhyToyEngine/android/sample/src/main/kotlin/com/phytoy/sample/MainActivity.kt:332:38 'val systemWindowInsetRight: Int' is deprecated. Deprecated in Java.
w: file:///Users/songyuanjin/GoogleApp/PhyToyCamera/PhyToyEngine/android/sample/src/main/kotlin/com/phytoy/sample/PhotoGalleryOverlay.kt:132:36 'val systemWindowInsetLeft: Int' is deprecated. Deprecated in Java.
w: file:///Users/songyuanjin/GoogleApp/PhyToyCamera/PhyToyEngine/android/sample/src/main/kotlin/com/phytoy/sample/PhotoGalleryOverlay.kt:132:66 'val systemWindowInsetTop: Int' is deprecated. Deprecated in Java.
w: file:///Users/songyuanjin/GoogleApp/PhyToyCamera/PhyToyEngine/android/sample/src/main/kotlin/com/phytoy/sample/PhotoGalleryOverlay.kt:133:24 'val systemWindowInsetRight: Int' is deprecated. Deprecated in Java.
w: file:///Users/songyuanjin/GoogleApp/PhyToyCamera/PhyToyEngine/android/sample/src/main/kotlin/com/phytoy/sample/PhotoGalleryOverlay.kt:133:55 'val systemWindowInsetBottom: Int' is deprecated. Deprecated in Java.
w: file:///Users/songyuanjin/GoogleApp/PhyToyCamera/PhyToyEngine/android/sample/src/main/kotlin/com/phytoy/sample/PhotoReviewOverlay.kt:166:24 'val systemWindowInsetLeft: Int' is deprecated. Deprecated in Java.
w: file:///Users/songyuanjin/GoogleApp/PhyToyCamera/PhyToyEngine/android/sample/src/main/kotlin/com/phytoy/sample/PhotoReviewOverlay.kt:167:24 'val systemWindowInsetTop: Int' is deprecated. Deprecated in Java.
w: file:///Users/songyuanjin/GoogleApp/PhyToyCamera/PhyToyEngine/android/sample/src/main/kotlin/com/phytoy/sample/PhotoReviewOverlay.kt:168:24 'val systemWindowInsetRight: Int' is deprecated. Deprecated in Java.
w: file:///Users/songyuanjin/GoogleApp/PhyToyCamera/PhyToyEngine/android/sample/src/main/kotlin/com/phytoy/sample/PhotoReviewOverlay.kt:169:24 'val systemWindowInsetBottom: Int' is deprecated. Deprecated in Java.
w: file:///Users/songyuanjin/GoogleApp/PhyToyCamera/PhyToyEngine/android/sample/src/main/kotlin/com/phytoy/sample/SettingsOverlay.kt:120:9 'fun announceForAccessibility(p0: CharSequence!): Unit' is deprecated. Deprecated in Java.
w: file:///Users/songyuanjin/GoogleApp/PhyToyCamera/PhyToyEngine/android/sample/src/main/kotlin/com/phytoy/sample/SettingsOverlay.kt:280:17 'fun announceForAccessibility(p0: CharSequence!): Unit' is deprecated. Deprecated in Java.

> Task :sample:compileReleaseKotlin
w: file:///Users/songyuanjin/GoogleApp/PhyToyCamera/PhyToyEngine/android/sample/src/main/kotlin/com/phytoy/sample/CameraChrome.kt:111:24 'val systemWindowInsetLeft: Int' is deprecated. Deprecated in Java.
w: file:///Users/songyuanjin/GoogleApp/PhyToyCamera/PhyToyEngine/android/sample/src/main/kotlin/com/phytoy/sample/CameraChrome.kt:112:24 'val systemWindowInsetTop: Int' is deprecated. Deprecated in Java.
w: file:///Users/songyuanjin/GoogleApp/PhyToyCamera/PhyToyEngine/android/sample/src/main/kotlin/com/phytoy/sample/CameraChrome.kt:113:24 'val systemWindowInsetRight: Int' is deprecated. Deprecated in Java.
w: file:///Users/songyuanjin/GoogleApp/PhyToyCamera/PhyToyEngine/android/sample/src/main/kotlin/com/phytoy/sample/CameraChrome.kt:114:24 'val systemWindowInsetBottom: Int' is deprecated. Deprecated in Java.
w: file:///Users/songyuanjin/GoogleApp/PhyToyCamera/PhyToyEngine/android/sample/src/main/kotlin/com/phytoy/sample/MainActivity.kt:161:16 'var statusBarColor: Int' is deprecated. Deprecated in Java.
w: file:///Users/songyuanjin/GoogleApp/PhyToyCamera/PhyToyEngine/android/sample/src/main/kotlin/com/phytoy/sample/MainActivity.kt:162:16 'var navigationBarColor: Int' is deprecated. Deprecated in Java.
w: file:///Users/songyuanjin/GoogleApp/PhyToyCamera/PhyToyEngine/android/sample/src/main/kotlin/com/phytoy/sample/MainActivity.kt:232:18 This declaration overrides a deprecated member but is not marked as deprecated itself. Add the '@Deprecated' annotation or suppress the diagnostic.
w: file:///Users/songyuanjin/GoogleApp/PhyToyCamera/PhyToyEngine/android/sample/src/main/kotlin/com/phytoy/sample/MainActivity.kt:329:36 'val systemWindowInsetTop: Int' is deprecated. Deprecated in Java.
w: file:///Users/songyuanjin/GoogleApp/PhyToyCamera/PhyToyEngine/android/sample/src/main/kotlin/com/phytoy/sample/MainActivity.kt:330:39 'val systemWindowInsetBottom: Int' is deprecated. Deprecated in Java.
w: file:///Users/songyuanjin/GoogleApp/PhyToyCamera/PhyToyEngine/android/sample/src/main/kotlin/com/phytoy/sample/MainActivity.kt:331:37 'val systemWindowInsetLeft: Int' is deprecated. Deprecated in Java.
w: file:///Users/songyuanjin/GoogleApp/PhyToyCamera/PhyToyEngine/android/sample/src/main/kotlin/com/phytoy/sample/MainActivity.kt:332:38 'val systemWindowInsetRight: Int' is deprecated. Deprecated in Java.
w: file:///Users/songyuanjin/GoogleApp/PhyToyCamera/PhyToyEngine/android/sample/src/main/kotlin/com/phytoy/sample/PhotoGalleryOverlay.kt:132:36 'val systemWindowInsetLeft: Int' is deprecated. Deprecated in Java.
w: file:///Users/songyuanjin/GoogleApp/PhyToyCamera/PhyToyEngine/android/sample/src/main/kotlin/com/phytoy/sample/PhotoGalleryOverlay.kt:132:66 'val systemWindowInsetTop: Int' is deprecated. Deprecated in Java.
w: file:///Users/songyuanjin/GoogleApp/PhyToyCamera/PhyToyEngine/android/sample/src/main/kotlin/com/phytoy/sample/PhotoGalleryOverlay.kt:133:24 'val systemWindowInsetRight: Int' is deprecated. Deprecated in Java.
w: file:///Users/songyuanjin/GoogleApp/PhyToyCamera/PhyToyEngine/android/sample/src/main/kotlin/com/phytoy/sample/PhotoGalleryOverlay.kt:133:55 'val systemWindowInsetBottom: Int' is deprecated. Deprecated in Java.
w: file:///Users/songyuanjin/GoogleApp/PhyToyCamera/PhyToyEngine/android/sample/src/main/kotlin/com/phytoy/sample/PhotoReviewOverlay.kt:166:24 'val systemWindowInsetLeft: Int' is deprecated. Deprecated in Java.
w: file:///Users/songyuanjin/GoogleApp/PhyToyCamera/PhyToyEngine/android/sample/src/main/kotlin/com/phytoy/sample/PhotoReviewOverlay.kt:167:24 'val systemWindowInsetTop: Int' is deprecated. Deprecated in Java.
w: file:///Users/songyuanjin/GoogleApp/PhyToyCamera/PhyToyEngine/android/sample/src/main/kotlin/com/phytoy/sample/PhotoReviewOverlay.kt:168:24 'val systemWindowInsetRight: Int' is deprecated. Deprecated in Java.
w: file:///Users/songyuanjin/GoogleApp/PhyToyCamera/PhyToyEngine/android/sample/src/main/kotlin/com/phytoy/sample/PhotoReviewOverlay.kt:169:24 'val systemWindowInsetBottom: Int' is deprecated. Deprecated in Java.
w: file:///Users/songyuanjin/GoogleApp/PhyToyCamera/PhyToyEngine/android/sample/src/main/kotlin/com/phytoy/sample/SettingsOverlay.kt:120:9 'fun announceForAccessibility(p0: CharSequence!): Unit' is deprecated. Deprecated in Java.
w: file:///Users/songyuanjin/GoogleApp/PhyToyCamera/PhyToyEngine/android/sample/src/main/kotlin/com/phytoy/sample/SettingsOverlay.kt:280:17 'fun announceForAccessibility(p0: CharSequence!): Unit' is deprecated. Deprecated in Java.

> Task :sample:compileBenchmarkJavaWithJavac NO-SOURCE
> Task :sample:expandBenchmarkArtProfileWildcards
> Task :sample:mergeBenchmarkGeneratedProguardFiles UP-TO-DATE
> Task :sample:processBenchmarkJavaRes UP-TO-DATE
> Task :sample:mergeBenchmarkJavaResource UP-TO-DATE
> Task :sample:generateBenchmarkLintVitalReportModel
> Task :sample:compileReleaseJavaWithJavac NO-SOURCE
> Task :sample:generateReleaseLintReportModel
> Task :sample:minifyBenchmarkWithR8
> Task :sample:compileBenchmarkArtProfile
> Task :sample:convertShrunkResourcesToBinaryBenchmark
> Task :sample:optimizeBenchmarkResources
> Task :sample:lintVitalAnalyzeBenchmark
> Task :sample:lintVitalReportBenchmark
> Task :sample:lintVitalBenchmark
> Task :sample:packageBenchmark
> Task :sample:createBenchmarkApkListingFileRedirect UP-TO-DATE
> Task :sample:assembleBenchmark
> Task :sample:lintAnalyzeRelease

> Task :sample:lintReportRelease
Wrote HTML report to file:///Users/songyuanjin/GoogleApp/PhyToyCamera/PhyToyEngine/android/sample/build/reports/lint-results-release.html
Wrote SARIF report to file:///Users/songyuanjin/GoogleApp/PhyToyCamera/PhyToyEngine/android/sample/build/reports/lint-results-release.sarif

> Task :sample:lintRelease

BUILD SUCCESSFUL in 13s
100 actionable tasks: 18 executed, 82 up-to-date
Consider enabling configuration cache to speed up this build: https://docs.gradle.org/9.5.0/userguide/configuration_cache_enabling.html
