> Task :sdk:preBuild UP-TO-DATE
> Task :sdk:preReleaseBuild UP-TO-DATE
> Task :sample:preBuild UP-TO-DATE
> Task :sample:preBenchmarkBuild UP-TO-DATE
> Task :sample:mergeBenchmarkJniLibFolders UP-TO-DATE
> Task :sdk:configureCMakeRelWithDebInfo[arm64-v8a]
> Task :sample:checkBenchmarkDuplicateClasses UP-TO-DATE
> Task :sample:generateBenchmarkResources
> Task :sample:packageBenchmarkResources
> Task :sample:javaPreCompileBenchmark UP-TO-DATE
> Task :sample:mapBenchmarkSourceSetPaths
> Task :sample:createBenchmarkCompatibleScreenManifests UP-TO-DATE
> Task :sample:extractDeepLinksBenchmark UP-TO-DATE
> Task :sample:extractProguardFiles UP-TO-DATE
> Task :sample:mergeBenchmarkStartupProfile UP-TO-DATE
> Task :sample:generateBenchmarkAssets UP-TO-DATE
> Task :sample:extractBenchmarkVersionControlInfo UP-TO-DATE
> Task :sample:collectBenchmarkDependencies UP-TO-DATE
> Task :sample:sdkBenchmarkDependencyData UP-TO-DATE
> Task :sample:validateSigningBenchmark UP-TO-DATE
> Task :sample:writeBenchmarkAppMetadata UP-TO-DATE
> Task :sample:writeBenchmarkSigningConfigVersions UP-TO-DATE
> Task :sdk:buildCMakeRelWithDebInfo[arm64-v8a]
> Task :sdk:mergeReleaseJniLibFolders UP-TO-DATE
> Task :sdk:generateReleaseResources UP-TO-DATE
> Task :sdk:packageReleaseResources UP-TO-DATE
> Task :sdk:processReleaseNavigationResources UP-TO-DATE
> Task :sdk:parseReleaseLocalResources UP-TO-DATE
> Task :sdk:generateReleaseRFile UP-TO-DATE
> Task :sample:processBenchmarkNavigationResources
> Task :sdk:compileReleaseKotlin UP-TO-DATE
> Task :sdk:javaPreCompileRelease UP-TO-DATE
> Task :sdk:compileReleaseJavaWithJavac NO-SOURCE
> Task :sample:compileBenchmarkNavigationResources UP-TO-DATE
> Task :sdk:mergeReleaseGeneratedProguardFiles UP-TO-DATE
> Task :sdk:exportReleaseConsumerProguardFiles UP-TO-DATE
> Task :sdk:bundleLibCompileToJarRelease UP-TO-DATE
> Task :sdk:prepareReleaseArtProfile UP-TO-DATE
> Task :sample:mergeBenchmarkArtProfile UP-TO-DATE
> Task :sdk:writeReleaseAarMetadata UP-TO-DATE
> Task :sdk:extractDeepLinksRelease UP-TO-DATE
> Task :sample:checkBenchmarkAarMetadata UP-TO-DATE
> Task :sdk:processReleaseManifest UP-TO-DATE
> Task :sdk:mapReleaseSourceSetPaths UP-TO-DATE
> Task :sdk:compileReleaseLibraryResources UP-TO-DATE
> Task :sample:processBenchmarkMainManifest UP-TO-DATE
> Task :sdk:bundleLibRuntimeToJarRelease UP-TO-DATE
> Task :sample:processBenchmarkManifest UP-TO-DATE
> Task :sample:processBenchmarkManifestForPackage UP-TO-DATE
> Task :sdk:processReleaseJavaRes UP-TO-DATE
> Task :sdk:generateReleaseAssets UP-TO-DATE
> Task :sdk:mergeReleaseAssets UP-TO-DATE
> Task :sample:mergeBenchmarkAssets UP-TO-DATE
> Task :sdk:createFullJarRelease UP-TO-DATE
> Task :sample:compressBenchmarkAssets UP-TO-DATE
> Task :sdk:extractProguardFiles UP-TO-DATE
> Task :sample:mergeBenchmarkResources
> Task :sdk:mergeReleaseNativeLibs
> Task :sample:parseBenchmarkLocalResources
> Task :sdk:generateReleaseLintModel UP-TO-DATE
> Task :sample:generateBenchmarkRFile
> Task :sdk:prepareLintJarForPublish UP-TO-DATE
> Task :sdk:checkReleaseAarMetadata UP-TO-DATE
> Task :sdk:extractDeepLinksForAarRelease UP-TO-DATE
> Task :sdk:extractReleaseAnnotations UP-TO-DATE
> Task :sdk:mergeReleaseConsumerProguardFiles UP-TO-DATE
> Task :sdk:mergeReleaseJavaResource UP-TO-DATE
> Task :sdk:syncReleaseLibJars UP-TO-DATE
> Task :sdk:bundleReleaseLocalLintAar UP-TO-DATE
> Task :sdk:lintVitalAnalyzeRelease UP-TO-DATE
> Task :sdk:writeReleaseLintModelMetadata UP-TO-DATE
> Task :sdk:copyReleaseJniLibsProjectOnly
> Task :sdk:generateReleaseLintVitalModel UP-TO-DATE
> Task :sample:mergeBenchmarkNativeLibs
> Task :sample:stripBenchmarkDebugSymbols
> Task :sample:extractBenchmarkNativeSymbolTables
> Task :sample:processBenchmarkResources
> Task :sample:mergeBenchmarkNativeDebugMetadata
> Task :sample:compileBenchmarkKotlin
> Task :sample:compileBenchmarkJavaWithJavac NO-SOURCE
> Task :sample:expandBenchmarkArtProfileWildcards
> Task :sample:mergeBenchmarkGeneratedProguardFiles UP-TO-DATE
> Task :sample:processBenchmarkJavaRes UP-TO-DATE
> Task :sample:mergeBenchmarkJavaResource UP-TO-DATE
> Task :sample:generateBenchmarkLintVitalReportModel
> Task :sample:minifyBenchmarkWithR8
> Task :sample:compileBenchmarkArtProfile
> Task :sample:convertShrunkResourcesToBinaryBenchmark
> Task :sample:optimizeBenchmarkResources
> Task :sample:lintVitalAnalyzeBenchmark
> Task :sample:lintVitalReportBenchmark
> Task :sample:lintVitalBenchmark
> Task :sample:packageBenchmark
> Task :sample:createBenchmarkApkListingFileRedirect UP-TO-DATE
> Task :sample:assembleBenchmark

BUILD SUCCESSFUL in 13s
86 actionable tasks: 27 executed, 59 up-to-date
Consider enabling configuration cache to speed up this build: https://docs.gradle.org/9.5.0/userguide/configuration_cache_enabling.html
